---
source: packages/qwik/src/optimizer/core/src/test.rs
expression: output
snapshot_kind: text
---
==INPUT==


import { component$, $, useStore, wrap, useEffect } from '@khulnasoft.com/qwik';

export const useMemoQrl = (qrt) => {
    useEffect(qrt);
};

export const useMemo$ = wrap(useMemoQrl);

export const App = component$((props) => {
    const state = useStore({count: 0});
    useMemo$(() => {
        console.log(state.count);
    });
    return $(() => (
        <div>{state.count}</div>
    ));
});

export const Lightweight = (props) => {
    useMemo$(() => {
        console.log(state.count);
    });
});

============================= test.js ==

import { componentQrl } from "@khulnasoft.com/qwik";
import { qrl } from "@khulnasoft.com/qwik";
import { wrap, useEffect } from '@khulnasoft.com/qwik';
export const useMemoQrl = (qrt)=>{
    useEffect(qrt);
};
export const useMemo$ = wrap(useMemoQrl);
export const App = /*#__PURE__*/ componentQrl(/*#__PURE__*/ qrl(()=>import("./test.tsx_App_component_ckEPmXZlub0"), "App_component_ckEPmXZlub0"));
export const Lightweight = (props)=>{
    useMemoQrl(/*#__PURE__*/ qrl(()=>import("./test.tsx_Lightweight_useMemo_UIcxVTQF1a8"), "Lightweight_useMemo_UIcxVTQF1a8"));
};


Some("{\"version\":3,\"sources\":[\"/user/qwik/src/test.tsx\"],\"names\":[],\"mappings\":\";;AACA,SAAkC,IAAI,EAAE,SAAS,QAAQ,uBAAuB;AAEhF,OAAO,MAAM,aAAa,CAAC;IACvB,UAAU;AACd,EAAE;AAEF,OAAO,MAAM,WAAW,KAAK,YAAY;AAEzC,OAAO,MAAM,oBAAM,iHAQhB;AAEH,OAAO,MAAM,cAAc,CAAC;IACxB;AAGJ,EAAG\"}")
============================= test.tsx_App_component_useMemo_6Sc9KVki3Y0.js (ENTRY POINT)==

import { useLexicalScope } from "@khulnasoft.com/qwik";
export const App_component_useMemo_6Sc9KVki3Y0 = ()=>{
    const [state] = useLexicalScope();
    console.log(state.count);
};


Some("{\"version\":3,\"sources\":[\"/user/qwik/src/test.tsx\"],\"names\":[],\"mappings\":\";iDAWa;;IACL,QAAQ,GAAG,CAAC,MAAM,KAAK\"}")
/*
{
  "origin": "test.tsx",
  "name": "App_component_useMemo_6Sc9KVki3Y0",
  "entry": null,
  "displayName": "test.tsx_App_component_useMemo",
  "hash": "6Sc9KVki3Y0",
  "canonicalFilename": "test.tsx_App_component_useMemo_6Sc9KVki3Y0",
  "path": "",
  "extension": "js",
  "parent": "App_component_ckEPmXZlub0",
  "ctxKind": "function",
  "ctxName": "useMemo$",
  "captures": true,
  "loc": [
    284,
    331
  ]
}
*/
============================= test.tsx_Lightweight_useMemo_UIcxVTQF1a8.js (ENTRY POINT)==

export const Lightweight_useMemo_UIcxVTQF1a8 = ()=>{
    console.log(state.count);
};


Some("{\"version\":3,\"sources\":[\"/user/qwik/src/test.tsx\"],\"names\":[],\"mappings\":\"+CAoBa;IACL,QAAQ,GAAG,CAAC,MAAM,KAAK;AAC3B\"}")
/*
{
  "origin": "test.tsx",
  "name": "Lightweight_useMemo_UIcxVTQF1a8",
  "entry": null,
  "displayName": "test.tsx_Lightweight_useMemo",
  "hash": "UIcxVTQF1a8",
  "canonicalFilename": "test.tsx_Lightweight_useMemo_UIcxVTQF1a8",
  "path": "",
  "extension": "js",
  "parent": null,
  "ctxKind": "function",
  "ctxName": "useMemo$",
  "captures": false,
  "loc": [
    454,
    501
  ]
}
*/
============================= test.tsx_App_component_ckEPmXZlub0.js (ENTRY POINT)==

import { qrl } from "@khulnasoft.com/qwik";
import { useMemoQrl } from "./test";
import { useStore } from "@khulnasoft.com/qwik";
export const App_component_ckEPmXZlub0 = (props)=>{
    const state = useStore({
        count: 0
    });
    useMemoQrl(/*#__PURE__*/ qrl(()=>import("./test.tsx_App_component_useMemo_6Sc9KVki3Y0"), "App_component_useMemo_6Sc9KVki3Y0", [
        state
    ]));
    return /*#__PURE__*/ qrl(()=>import("./test.tsx_App_component_1_w0t0o3QMovU"), "App_component_1_w0t0o3QMovU", [
        state
    ]);
};


Some("{\"version\":3,\"sources\":[\"/user/qwik/src/test.tsx\"],\"names\":[],\"mappings\":\";;;yCAS8B,CAAC;IAC3B,MAAM,QAAQ,SAAS;QAAC,OAAO;IAAC;IAChC;;;IAGA;;;AAGJ\"}")
/*
{
  "origin": "test.tsx",
  "name": "App_component_ckEPmXZlub0",
  "entry": null,
  "displayName": "test.tsx_App_component",
  "hash": "ckEPmXZlub0",
  "canonicalFilename": "test.tsx_App_component_ckEPmXZlub0",
  "path": "",
  "extension": "js",
  "parent": null,
  "ctxKind": "function",
  "ctxName": "component$",
  "captures": false,
  "loc": [
    218,
    397
  ]
}
*/
============================= test.tsx_App_component_1_w0t0o3QMovU.js (ENTRY POINT)==

import { useLexicalScope } from "@khulnasoft.com/qwik";
import { _fnSignal } from "@khulnasoft.com/qwik";
import { _jsxQ } from "@khulnasoft.com/qwik";
export const App_component_1_w0t0o3QMovU = ()=>{
    const [state] = useLexicalScope();
    return /*#__PURE__*/ _jsxQ("div", null, null, _fnSignal((p0)=>p0.count, [
        state
    ], "p0.count"), 3, "u6_0");
};
export { _hW } from "@khulnasoft.com/qwik";


Some("{\"version\":3,\"sources\":[\"/user/qwik/src/test.tsx\"],\"names\":[],\"mappings\":\";;;2CAca;;yBACL,MAAC,mCAAK,GAAM,KAAK\"}")
/*
{
  "origin": "test.tsx",
  "name": "App_component_1_w0t0o3QMovU",
  "entry": null,
  "displayName": "test.tsx_App_component_1",
  "hash": "w0t0o3QMovU",
  "canonicalFilename": "test.tsx_App_component_1_w0t0o3QMovU",
  "path": "",
  "extension": "js",
  "parent": "App_component_ckEPmXZlub0",
  "ctxKind": "function",
  "ctxName": "$",
  "captures": true,
  "loc": [
    347,
    393
  ]
}
*/
== DIAGNOSTICS ==

[]
