---
source: packages/qwik/src/optimizer/core/src/test.rs
expression: output
snapshot_kind: text
---
==INPUT==


import { $, component$ } from '@khulnasoft.com/qwik';

export const Foo = component$(() => {

    return $(() => {
        const handler = $(() => console.log('reused'));
        return (
            <div
                onClick$={()=>console.log('onClick$')}
                onDocumentScroll$={()=>console.log('onDocumentScroll')}
                onDocumentScroll$={()=>console.log('onWindowScroll')}

                on-cLick$={()=>console.log('on-cLick$')}
                onDocument-sCroll$={()=>console.log('onDocument-sCroll')}
                onDocument-scroLL$={()=>console.log('onDocument-scroLL')}

                host:onClick$={()=>console.log('host:onClick$')}
                host:onDocumentScroll$={()=>console.log('host:onDocument:scroll')}
                host:onDocumentScroll$={()=>console.log('host:onWindow:scroll')}

                onKeyup$={handler}
                onDocument:keyup$={handler}
                onWindow:keyup$={handler}

                custom$={()=>console.log('custom')}
            />
        )
    });
}, {
    tagName: "my-foo",
});

============================= test.tsx_Foo_component_div_host_onDocumentScroll_Zip7mifsjRY.js (ENTRY POINT)==

export const Foo_component_div_host_onDocumentScroll_Zip7mifsjRY = ()=>console.log('host:onDocument:scroll');


Some("{\"version\":3,\"sources\":[\"/user/qwik/src/test.tsx\"],\"names\":[],\"mappings\":\"mEAkBwC,IAAI,QAAQ,GAAG,CAAC\"}")
/*
{
  "origin": "test.tsx",
  "name": "Foo_component_div_host_onDocumentScroll_Zip7mifsjRY",
  "entry": null,
  "displayName": "test.tsx_Foo_component_div_host_onDocumentScroll",
  "hash": "Zip7mifsjRY",
  "canonicalFilename": "test.tsx_Foo_component_div_host_onDocumentScroll_Zip7mifsjRY",
  "path": "",
  "extension": "js",
  "parent": "Foo_component_1_DvU6FitWglY",
  "ctxKind": "eventHandler",
  "ctxName": "host:onDocumentScroll$",
  "captures": false,
  "loc": [
    716,
    757
  ]
}
*/
============================= test.js ==

import { componentQrl } from "@khulnasoft.com/qwik";
import { qrl } from "@khulnasoft.com/qwik";
export const Foo = /*#__PURE__*/ componentQrl(/*#__PURE__*/ qrl(()=>import("./test.tsx_Foo_component_HTDRsvUbLiE"), "Foo_component_HTDRsvUbLiE"), {
    tagName: "my-foo"
});


Some("{\"version\":3,\"sources\":[\"/user/qwik/src/test.tsx\"],\"names\":[],\"mappings\":\";;AAGA,OAAO,MAAM,oBAAM,iHA0BhB;IACC,SAAS;AACb,GAAG\"}")
============================= test.tsx_Foo_component_HTDRsvUbLiE.js (ENTRY POINT)==

import { qrl } from "@khulnasoft.com/qwik";
export const Foo_component_HTDRsvUbLiE = ()=>{
    return /*#__PURE__*/ qrl(()=>import("./test.tsx_Foo_component_1_DvU6FitWglY"), "Foo_component_1_DvU6FitWglY");
};


Some("{\"version\":3,\"sources\":[\"/user/qwik/src/test.tsx\"],\"names\":[],\"mappings\":\";yCAG8B;IAE1B;AAwBJ\"}")
/*
{
  "origin": "test.tsx",
  "name": "Foo_component_HTDRsvUbLiE",
  "entry": null,
  "displayName": "test.tsx_Foo_component",
  "hash": "HTDRsvUbLiE",
  "canonicalFilename": "test.tsx_Foo_component_HTDRsvUbLiE",
  "path": "",
  "extension": "js",
  "parent": null,
  "ctxKind": "function",
  "ctxName": "component$",
  "captures": false,
  "loc": [
    87,
    1049
  ]
}
*/
============================= test.tsx_Foo_component_div_host_onClick_cPEH970JbEY.js (ENTRY POINT)==

export const Foo_component_div_host_onClick_cPEH970JbEY = ()=>console.log('host:onClick$');


Some("{\"version\":3,\"sources\":[\"/user/qwik/src/test.tsx\"],\"names\":[],\"mappings\":\"0DAiB+B,IAAI,QAAQ,GAAG,CAAC\"}")
/*
{
  "origin": "test.tsx",
  "name": "Foo_component_div_host_onClick_cPEH970JbEY",
  "entry": null,
  "displayName": "test.tsx_Foo_component_div_host_onClick",
  "hash": "cPEH970JbEY",
  "canonicalFilename": "test.tsx_Foo_component_div_host_onClick_cPEH970JbEY",
  "path": "",
  "extension": "js",
  "parent": "Foo_component_1_DvU6FitWglY",
  "ctxKind": "eventHandler",
  "ctxName": "host:onClick$",
  "captures": false,
  "loc": [
    642,
    674
  ]
}
*/
============================= test.tsx_Foo_component_1_DvU6FitWglY.js (ENTRY POINT)==

import { _jsxQ } from "@khulnasoft.com/qwik";
import { qrl } from "@khulnasoft.com/qwik";
export const Foo_component_1_DvU6FitWglY = ()=>{
    const handler = /*#__PURE__*/ qrl(()=>import("./test.tsx_Foo_component_handler_H10xZtD0e7w"), "Foo_component_handler_H10xZtD0e7w");
    return /*#__PURE__*/ _jsxQ("div", null, {
        onClick$: /*#__PURE__*/ qrl(()=>import("./test.tsx_Foo_component_div_onClick_M48DYiidSJw"), "Foo_component_div_onClick_M48DYiidSJw"),
        onDocumentScroll$: /*#__PURE__*/ qrl(()=>import("./test.tsx_Foo_component_div_onDocumentScroll_rwFFtFiVuKc"), "Foo_component_div_onDocumentScroll_rwFFtFiVuKc"),
        onDocumentScroll$: /*#__PURE__*/ qrl(()=>import("./test.tsx_Foo_component_div_onDocumentScroll_1_CwneoGpmTZI"), "Foo_component_div_onDocumentScroll_1_CwneoGpmTZI"),
        "on-cLick$": /*#__PURE__*/ qrl(()=>import("./test.tsx_Foo_component_div_on_cLick_IoAsJW8vYJc"), "Foo_component_div_on_cLick_IoAsJW8vYJc"),
        "onDocument-sCroll$": /*#__PURE__*/ qrl(()=>import("./test.tsx_Foo_component_div_onDocument_sCroll_5VNik61PZOM"), "Foo_component_div_onDocument_sCroll_5VNik61PZOM"),
        "onDocument-scroLL$": /*#__PURE__*/ qrl(()=>import("./test.tsx_Foo_component_div_onDocument_scroLL_1q0Sgr8te3g"), "Foo_component_div_onDocument_scroLL_1q0Sgr8te3g"),
        "host:onClick$": /*#__PURE__*/ qrl(()=>import("./test.tsx_Foo_component_div_host_onClick_cPEH970JbEY"), "Foo_component_div_host_onClick_cPEH970JbEY"),
        "host:onDocumentScroll$": /*#__PURE__*/ qrl(()=>import("./test.tsx_Foo_component_div_host_onDocumentScroll_Zip7mifsjRY"), "Foo_component_div_host_onDocumentScroll_Zip7mifsjRY"),
        "host:onDocumentScroll$": /*#__PURE__*/ qrl(()=>import("./test.tsx_Foo_component_div_host_onDocumentScroll_1_Em1LspK7JVg"), "Foo_component_div_host_onDocumentScroll_1_Em1LspK7JVg"),
        onKeyup$: handler,
        "onDocument:keyup$": handler,
        "onWindow:keyup$": handler,
        custom$: /*#__PURE__*/ qrl(()=>import("./test.tsx_Foo_component_div_custom_pyHnxab17ms"), "Foo_component_div_custom_pyHnxab17ms")
    }, null, 3, "u6_0");
};
export { _hW } from "@khulnasoft.com/qwik";


Some("{\"version\":3,\"sources\":[\"/user/qwik/src/test.tsx\"],\"names\":[],\"mappings\":\";;2CAKa;IACL,MAAM;IACN,qBACI,MAAC;QACG,QAAQ;QACR,iBAAiB;QACjB,iBAAiB;QAEjB,WAAS;QACT,oBAAkB;QAClB,oBAAkB;QAPtB,eAkBE;QAlBF,wBAkBE;QAlBF,wBAkBE;QALE,UAAU;QAbd,qBAcuB;QAdvB,mBAeqB;QAEjB,OAAO;;AAGnB\"}")
/*
{
  "origin": "test.tsx",
  "name": "Foo_component_1_DvU6FitWglY",
  "entry": null,
  "displayName": "test.tsx_Foo_component_1",
  "hash": "DvU6FitWglY",
  "canonicalFilename": "test.tsx_Foo_component_1_DvU6FitWglY",
  "path": "",
  "extension": "js",
  "parent": "Foo_component_HTDRsvUbLiE",
  "ctxKind": "function",
  "ctxName": "$",
  "captures": false,
  "loc": [
    109,
    1045
  ]
}
*/
============================= test.tsx_Foo_component_div_host_onDocumentScroll_1_Em1LspK7JVg.js (ENTRY POINT)==

export const Foo_component_div_host_onDocumentScroll_1_Em1LspK7JVg = ()=>console.log('host:onWindow:scroll');


Some("{\"version\":3,\"sources\":[\"/user/qwik/src/test.tsx\"],\"names\":[],\"mappings\":\"qEAmBwC,IAAI,QAAQ,GAAG,CAAC\"}")
/*
{
  "origin": "test.tsx",
  "name": "Foo_component_div_host_onDocumentScroll_1_Em1LspK7JVg",
  "entry": null,
  "displayName": "test.tsx_Foo_component_div_host_onDocumentScroll_1",
  "hash": "Em1LspK7JVg",
  "canonicalFilename": "test.tsx_Foo_component_div_host_onDocumentScroll_1_Em1LspK7JVg",
  "path": "",
  "extension": "js",
  "parent": "Foo_component_1_DvU6FitWglY",
  "ctxKind": "eventHandler",
  "ctxName": "host:onDocumentScroll$",
  "captures": false,
  "loc": [
    799,
    838
  ]
}
*/
============================= test.tsx_Foo_component_div_custom_pyHnxab17ms.js (ENTRY POINT)==

export const Foo_component_div_custom_pyHnxab17ms = ()=>console.log('custom');


Some("{\"version\":3,\"sources\":[\"/user/qwik/src/test.tsx\"],\"names\":[],\"mappings\":\"oDAyByB,IAAI,QAAQ,GAAG,CAAC\"}")
/*
{
  "origin": "test.tsx",
  "name": "Foo_component_div_custom_pyHnxab17ms",
  "entry": null,
  "displayName": "test.tsx_Foo_component_div_custom",
  "hash": "pyHnxab17ms",
  "canonicalFilename": "test.tsx_Foo_component_div_custom_pyHnxab17ms",
  "path": "",
  "extension": "js",
  "parent": "Foo_component_1_DvU6FitWglY",
  "ctxKind": "eventHandler",
  "ctxName": "custom$",
  "captures": false,
  "loc": [
    988,
    1013
  ]
}
*/
============================= test.tsx_Foo_component_div_onDocument_scroLL_1q0Sgr8te3g.js (ENTRY POINT)==

export const Foo_component_div_onDocument_scroLL_1q0Sgr8te3g = ()=>console.log('onDocument-scroLL');


Some("{\"version\":3,\"sources\":[\"/user/qwik/src/test.tsx\"],\"names\":[],\"mappings\":\"+DAeoC,IAAI,QAAQ,GAAG,CAAC\"}")
/*
{
  "origin": "test.tsx",
  "name": "Foo_component_div_onDocument_scroLL_1q0Sgr8te3g",
  "entry": null,
  "displayName": "test.tsx_Foo_component_div_onDocument_scroLL",
  "hash": "1q0Sgr8te3g",
  "canonicalFilename": "test.tsx_Foo_component_div_onDocument_scroLL_1q0Sgr8te3g",
  "path": "",
  "extension": "js",
  "parent": "Foo_component_1_DvU6FitWglY",
  "ctxKind": "eventHandler",
  "ctxName": "onDocument-scroLL$",
  "captures": false,
  "loc": [
    572,
    608
  ]
}
*/
============================= test.tsx_Foo_component_div_onDocumentScroll_1_CwneoGpmTZI.js (ENTRY POINT)==

export const Foo_component_div_onDocumentScroll_1_CwneoGpmTZI = ()=>console.log('onWindowScroll');


Some("{\"version\":3,\"sources\":[\"/user/qwik/src/test.tsx\"],\"names\":[],\"mappings\":\"gEAWmC,IAAI,QAAQ,GAAG,CAAC\"}")
/*
{
  "origin": "test.tsx",
  "name": "Foo_component_div_onDocumentScroll_1_CwneoGpmTZI",
  "entry": null,
  "displayName": "test.tsx_Foo_component_div_onDocumentScroll_1",
  "hash": "CwneoGpmTZI",
  "canonicalFilename": "test.tsx_Foo_component_div_onDocumentScroll_1_CwneoGpmTZI",
  "path": "",
  "extension": "js",
  "parent": "Foo_component_1_DvU6FitWglY",
  "ctxKind": "eventHandler",
  "ctxName": "onDocumentScroll$",
  "captures": false,
  "loc": [
    369,
    402
  ]
}
*/
============================= test.tsx_Foo_component_div_on_cLick_IoAsJW8vYJc.js (ENTRY POINT)==

export const Foo_component_div_on_cLick_IoAsJW8vYJc = ()=>console.log('on-cLick$');


Some("{\"version\":3,\"sources\":[\"/user/qwik/src/test.tsx\"],\"names\":[],\"mappings\":\"sDAa2B,IAAI,QAAQ,GAAG,CAAC\"}")
/*
{
  "origin": "test.tsx",
  "name": "Foo_component_div_on_cLick_IoAsJW8vYJc",
  "entry": null,
  "displayName": "test.tsx_Foo_component_div_on_cLick",
  "hash": "IoAsJW8vYJc",
  "canonicalFilename": "test.tsx_Foo_component_div_on_cLick_IoAsJW8vYJc",
  "path": "",
  "extension": "js",
  "parent": "Foo_component_1_DvU6FitWglY",
  "ctxKind": "eventHandler",
  "ctxName": "on-cLick$",
  "captures": false,
  "loc": [
    432,
    460
  ]
}
*/
============================= test.tsx_Foo_component_div_onClick_M48DYiidSJw.js (ENTRY POINT)==

export const Foo_component_div_onClick_M48DYiidSJw = ()=>console.log('onClick$');


Some("{\"version\":3,\"sources\":[\"/user/qwik/src/test.tsx\"],\"names\":[],\"mappings\":\"qDAS0B,IAAI,QAAQ,GAAG,CAAC\"}")
/*
{
  "origin": "test.tsx",
  "name": "Foo_component_div_onClick_M48DYiidSJw",
  "entry": null,
  "displayName": "test.tsx_Foo_component_div_onClick",
  "hash": "M48DYiidSJw",
  "canonicalFilename": "test.tsx_Foo_component_div_onClick_M48DYiidSJw",
  "path": "",
  "extension": "js",
  "parent": "Foo_component_1_DvU6FitWglY",
  "ctxKind": "eventHandler",
  "ctxName": "onClick$",
  "captures": false,
  "loc": [
    233,
    260
  ]
}
*/
============================= test.tsx_Foo_component_div_onDocumentScroll_rwFFtFiVuKc.js (ENTRY POINT)==

export const Foo_component_div_onDocumentScroll_rwFFtFiVuKc = ()=>console.log('onDocumentScroll');


Some("{\"version\":3,\"sources\":[\"/user/qwik/src/test.tsx\"],\"names\":[],\"mappings\":\"8DAUmC,IAAI,QAAQ,GAAG,CAAC\"}")
/*
{
  "origin": "test.tsx",
  "name": "Foo_component_div_onDocumentScroll_rwFFtFiVuKc",
  "entry": null,
  "displayName": "test.tsx_Foo_component_div_onDocumentScroll",
  "hash": "rwFFtFiVuKc",
  "canonicalFilename": "test.tsx_Foo_component_div_onDocumentScroll_rwFFtFiVuKc",
  "path": "",
  "extension": "js",
  "parent": "Foo_component_1_DvU6FitWglY",
  "ctxKind": "eventHandler",
  "ctxName": "onDocumentScroll$",
  "captures": false,
  "loc": [
    297,
    332
  ]
}
*/
============================= test.tsx_Foo_component_handler_H10xZtD0e7w.js (ENTRY POINT)==

export const Foo_component_handler_H10xZtD0e7w = ()=>console.log('reused');
export { _hW } from "@khulnasoft.com/qwik";


Some("{\"version\":3,\"sources\":[\"/user/qwik/src/test.tsx\"],\"names\":[],\"mappings\":\"iDAM0B,IAAM,QAAQ,GAAG,CAAC\"}")
/*
{
  "origin": "test.tsx",
  "name": "Foo_component_handler_H10xZtD0e7w",
  "entry": null,
  "displayName": "test.tsx_Foo_component_handler",
  "hash": "H10xZtD0e7w",
  "canonicalFilename": "test.tsx_Foo_component_handler_H10xZtD0e7w",
  "path": "",
  "extension": "js",
  "parent": "Foo_component_1_DvU6FitWglY",
  "ctxKind": "function",
  "ctxName": "$",
  "captures": false,
  "loc": [
    143,
    170
  ]
}
*/
============================= test.tsx_Foo_component_div_onDocument_sCroll_5VNik61PZOM.js (ENTRY POINT)==

export const Foo_component_div_onDocument_sCroll_5VNik61PZOM = ()=>console.log('onDocument-sCroll');


Some("{\"version\":3,\"sources\":[\"/user/qwik/src/test.tsx\"],\"names\":[],\"mappings\":\"+DAcoC,IAAI,QAAQ,GAAG,CAAC\"}")
/*
{
  "origin": "test.tsx",
  "name": "Foo_component_div_onDocument_sCroll_5VNik61PZOM",
  "entry": null,
  "displayName": "test.tsx_Foo_component_div_onDocument_sCroll",
  "hash": "5VNik61PZOM",
  "canonicalFilename": "test.tsx_Foo_component_div_onDocument_sCroll_5VNik61PZOM",
  "path": "",
  "extension": "js",
  "parent": "Foo_component_1_DvU6FitWglY",
  "ctxKind": "eventHandler",
  "ctxName": "onDocument-sCroll$",
  "captures": false,
  "loc": [
    498,
    534
  ]
}
*/
== DIAGNOSTICS ==

[]
