---
source: packages/qwik/src/optimizer/core/src/test.rs
expression: output
snapshot_kind: text
---
==INPUT==


import { component$, $, useStyles$ } from '@khulnasoft.com/qwik';

export const App = component$((props) => {
    useStyles$('hola');
    return $(() => (
        <div></div>
    ));
});

============================= test.tsx ==

import { componentQrl } from "@khulnasoft.com/qwik";
import { qrl } from "@khulnasoft.com/qwik";
export const App = /*#__PURE__*/ componentQrl(/*#__PURE__*/ qrl(()=>import("./test.tsx_App_component_ckEPmXZlub0.tsx"), "App_component_ckEPmXZlub0"));


Some("{\"version\":3,\"sources\":[\"/user/qwik/src/test.tsx\"],\"names\":[],\"mappings\":\";;AAGA,OAAO,MAAM,oBAAM,qHAKhB\"}")
============================= test.tsx_App_component_useStyles_t35nSa5UV7U.tsx ==

export const App_component_useStyles_t35nSa5UV7U = 'hola';


Some("{\"version\":3,\"sources\":[\"/user/qwik/src/test.tsx\"],\"names\":[],\"mappings\":\"mDAIe\"}")
/*
{
  "origin": "test.tsx",
  "name": "App_component_useStyles_t35nSa5UV7U",
  "entry": "entry_segments",
  "displayName": "test.tsx_App_component_useStyles",
  "hash": "t35nSa5UV7U",
  "canonicalFilename": "test.tsx_App_component_useStyles_t35nSa5UV7U",
  "path": "",
  "extension": "tsx",
  "parent": "App_component_ckEPmXZlub0",
  "ctxKind": "function",
  "ctxName": "useStyles$",
  "captures": false,
  "loc": [
    127,
    133
  ]
}
*/
============================= test.tsx_App_component_ckEPmXZlub0.tsx ==

import { qrl } from "@khulnasoft.com/qwik";
import { useStylesQrl } from "@khulnasoft.com/qwik";
export const App_component_ckEPmXZlub0 = (props)=>{
    useStylesQrl(/*#__PURE__*/ qrl(()=>import("./test.tsx_App_component_useStyles_t35nSa5UV7U.tsx"), "App_component_useStyles_t35nSa5UV7U"));
    return /*#__PURE__*/ qrl(()=>import("./test.tsx_App_component_1_w0t0o3QMovU.tsx"), "App_component_1_w0t0o3QMovU");
};


Some("{\"version\":3,\"sources\":[\"/user/qwik/src/test.tsx\"],\"names\":[],\"mappings\":\";;yCAG8B,CAAC;IAC3B;IACA;AAGJ\"}")
/*
{
  "origin": "test.tsx",
  "name": "App_component_ckEPmXZlub0",
  "entry": "entry_segments",
  "displayName": "test.tsx_App_component",
  "hash": "ckEPmXZlub0",
  "canonicalFilename": "test.tsx_App_component_ckEPmXZlub0",
  "path": "",
  "extension": "tsx",
  "parent": null,
  "ctxKind": "function",
  "ctxName": "component$",
  "captures": false,
  "loc": [
    99,
    186
  ]
}
*/
============================= test.tsx_App_component_1_w0t0o3QMovU.tsx ==

export const App_component_1_w0t0o3QMovU = ()=><div></div>;
export { _hW } from "@khulnasoft.com/qwik";


Some("{\"version\":3,\"sources\":[\"/user/qwik/src/test.tsx\"],\"names\":[],\"mappings\":\"2CAKa,KACJ,MAAM\"}")
/*
{
  "origin": "test.tsx",
  "name": "App_component_1_w0t0o3QMovU",
  "entry": "entry_segments",
  "displayName": "test.tsx_App_component_1",
  "hash": "w0t0o3QMovU",
  "canonicalFilename": "test.tsx_App_component_1_w0t0o3QMovU",
  "path": "",
  "extension": "tsx",
  "parent": "App_component_ckEPmXZlub0",
  "ctxKind": "function",
  "ctxName": "$",
  "captures": false,
  "loc": [
    149,
    182
  ]
}
*/
== DIAGNOSTICS ==

[]
