---
source: packages/qwik/src/optimizer/core/src/test.rs
assertion_line: 327
expression: output
---
==INPUT==


import { $, component$, useStore } from '@khulnasoft.com/qwik';
const Header = component$(() => {
    const thing = useStore();
    const {foo, bar} = foo();

    return (
        <div>{thing}</div>
    );
});

============================= test.tsx_Header_component_J4uyIhaBNR4.tsx (ENTRY POINT)==

import { useStore } from "@khulnasoft.com/qwik";
export const Header_component_J4uyIhaBNR4 = ()=>{
    const thing = useStore();
    const { foo, bar } = foo();
    return <div>{thing}</div>;
};


Some("{\"version\":3,\"sources\":[\"/user/qwik/src/test.tsx\"],\"names\":[],\"mappings\":\";4CAE0B;IACtB,MAAM,QAAQ;IACd,MAAM,EAAC,GAAG,EAAE,GAAG,EAAC,GAAG;IAEnB,QACK,KAAK,QAAQ;AAEtB\"}")
/*
{
  "origin": "test.tsx",
  "name": "Header_component_J4uyIhaBNR4",
  "entry": null,
  "displayName": "test.tsx_Header_component",
  "hash": "J4uyIhaBNR4",
  "canonicalFilename": "test.tsx_Header_component_J4uyIhaBNR4",
  "path": "",
  "extension": "tsx",
  "parent": null,
  "ctxKind": "function",
  "ctxName": "component$",
  "captures": false,
  "loc": [
    88,
    205
  ]
}
*/
============================= test.tsx ==

import { componentQrl } from "@khulnasoft.com/qwik";
import { qrl } from "@khulnasoft.com/qwik";
import { $, component$, useStore } from '@khulnasoft.com/qwik';
const Header = /*#__PURE__*/ componentQrl(/*#__PURE__*/ qrl(()=>import("./test.tsx_Header_component_J4uyIhaBNR4"), "Header_component_J4uyIhaBNR4"));


Some("{\"version\":3,\"sources\":[\"/user/qwik/src/test.tsx\"],\"names\":[],\"mappings\":\";;AACA,SAAS,CAAC,EAAE,UAAU,EAAE,QAAQ,QAAQ,mBAAmB;AAC3D,MAAM,uBAAS\"}")
== DIAGNOSTICS ==

[]
