---
source: packages/qwik/src/optimizer/core/src/test.rs
expression: output
snapshot_kind: text
---
==INPUT==


import { component$, useStore, serverStuff$, $ } from '@khulnasoft.com/qwik';

export const App = component$(() => {
    const stuff = useStore();
    serverStuff$(async () => {
        // should be removed but keep scope
        console.log(stuff.count)
    })
    serverStuff$(async () => {
        // should be removed
    })

    return (
        <Cmp>
            <p class="stuff" 
                shouldRemove$={() => stuff.count}
                onClick$={() => console.log('warn')}
            >
                Hello Qwik
            </p>
        </Cmp>
    );
});

============================= test.js ==

import { componentQrl } from "@khulnasoft.com/qwik";
import { qrlDEV } from "@khulnasoft.com/qwik";
export const App = /*#__PURE__*/ componentQrl(/*#__PURE__*/ qrlDEV(()=>import("./test.tsx_App_component_ckEPmXZlub0"), "App_component_ckEPmXZlub0", {
    file: "/hello/from/dev/test.tsx",
    lo: 111,
    hi: 573,
    displayName: "test.tsx_App_component"
}));


Some("{\"version\":3,\"sources\":[\"/user/qwik/src/test.tsx\"],\"names\":[],\"mappings\":\";;AAGA,OAAO,MAAM,oBAAM;;;;;IAoBhB\"}")
============================= test.tsx_App_component_ckEPmXZlub0.js (ENTRY POINT)==

import { _jsxC } from "@khulnasoft.com/qwik";
import { _jsxQ } from "@khulnasoft.com/qwik";
import { _noopQrlDEV } from "@khulnasoft.com/qwik";
import { serverStuffQrl } from "@khulnasoft.com/qwik";
import { useStore } from "@khulnasoft.com/qwik";
export const App_component_ckEPmXZlub0 = ()=>{
    const stuff = useStore();
    serverStuffQrl(/*#__PURE__*/ _noopQrlDEV("App_component_serverStuff_ebyHaP15ytQ", {
        file: "/hello/from/dev/test.tsx",
        lo: 0,
        hi: 0,
        displayName: "test.tsx_App_component_serverStuff"
    }, [
        stuff
    ]));
    serverStuffQrl(/*#__PURE__*/ _noopQrlDEV("App_component_serverStuff_1_PQCqO0ANabY", {
        file: "/hello/from/dev/test.tsx",
        lo: 0,
        hi: 0,
        displayName: "test.tsx_App_component_serverStuff_1"
    }));
    return /*#__PURE__*/ _jsxC(Cmp, {
        children: /*#__PURE__*/ _jsxQ("p", null, {
            class: "stuff",
            shouldRemove$: /*#__PURE__*/ _noopQrlDEV("App_component_Cmp_p_shouldRemove_uU0MG0jvQD4", {
                file: "/hello/from/dev/test.tsx",
                lo: 0,
                hi: 0,
                displayName: "test.tsx_App_component_Cmp_p_shouldRemove"
            }, [
                stuff
            ]),
            onClick$: /*#__PURE__*/ _noopQrlDEV("App_component_Cmp_p_onClick_vuXzfUTkpto", {
                file: "/hello/from/dev/test.tsx",
                lo: 0,
                hi: 0,
                displayName: "test.tsx_App_component_Cmp_p_onClick"
            })
        }, "Hello Qwik", 3, null, {
            fileName: "/hello/from/dev/test.tsx",
            lineNumber: 16,
            columnNumber: 13
        })
    }, 3, "u6_0", {
        fileName: "/hello/from/dev/test.tsx",
        lineNumber: 15,
        columnNumber: 9
    });
};


Some("{\"version\":3,\"sources\":[\"/user/qwik/src/test.tsx\"],\"names\":[],\"mappings\":\";;;;;yCAG8B;IAC1B,MAAM,QAAQ;IACd;;;;;;;;IAIA;;;;;;IAIA,qBACI,MAAC;kBACG,cAAA,MAAC;YAAE,OAAM;YACL,aAAa;;;;;;;;YACb,QAAQ;;;;;;WACX;;;;;;;;;;AAKb\"}")
/*
{
  "origin": "test.tsx",
  "name": "App_component_ckEPmXZlub0",
  "entry": null,
  "displayName": "test.tsx_App_component",
  "hash": "ckEPmXZlub0",
  "canonicalFilename": "test.tsx_App_component_ckEPmXZlub0",
  "path": "",
  "extension": "js",
  "parent": null,
  "ctxKind": "function",
  "ctxName": "component$",
  "captures": false,
  "loc": [
    111,
    573
  ]
}
*/
== DIAGNOSTICS ==

[]
